---
source: crates/syntax/tests/snapshots.rs
expression: "SourceFile::parse(&input).syntax_tree()"
---
SourceFile@0..9
  Expr@0..9
    Expr@0..7
      Expr@0..1
        LitDigits@0..1 "1"
      Syntax@1..2 "+"
      Expr@2..7
        Expr@2..5
          Expr@2..3
            LitDigits@2..3 "2"
          Syntax@3..4 "*"
          Expr@4..5
            LitDigits@4..5 "3"
        Syntax@5..6 "/"
        Expr@6..7
          LitDigits@6..7 "4"
    Syntax@7..8 "-"
    Expr@8..9
      LitDigits@8..9 "5"

